 This is a test case for say_my_name
>>> say_my_name = __import__('3-say_my_name').say_my_name

>>> say_my_name("Zora", "Test")
My name is Zora Test

>>> say_my_name(1, "Test")
Traceback (most recent call last):
    ...
TypeError: first_name must be a string

>>> say_my_name("Zora", 1)
Traceback (most recent call last):
    ...
TypeError: last_name must be a string

>>> say_my_name(123, 456)
Traceback (most recent call last):
    ...
TypeError: first_name must be a string

>>> say_my_name()
Traceback (most recent call last):
    ...
TypeError: say_my_name() missing 2 required positional arguments: 'first_name' and 'last_name'
